TEST OUTPUT
